{
    "-profile test": {
        "content": [
            6,
            {
                "FLYE": {
                    "flye": "2.9.5-b1801"
                },
                "GFA_2_FA_HIFI": {
                    "awk": "GNU",
                    "gzip": 1.13
                },
                "HIFIASM": {
                    "hifiasm": "0.25.0-r726"
                },
                "LIFTOFF": {
                    "liftoff": "v1.6.3"
                },
                "NANOQ": {
                    "nanoq": "0.10.0"
                },
                "RAGTAG_PATCH": {
                    "ragtag": "2.1.0"
                },
                "Workflow": {
                    "nf-core/genomeassembler": "v1.1.0"
                }
            },
            [
                "Col-0_2MB",
                "Col-0_2MB/QC",
                "Col-0_2MB/QC/nanoq",
                "Col-0_2MB/QC/nanoq/Col-0_2MB_report.json",
                "Col-0_2MB/QC/nanoq/Col-0_2MB_stats.json",
                "Col-0_2MB/assembly",
                "Col-0_2MB/assembly/Col-0_2MB_assembly.gff3",
                "Col-0_2MB/assembly/Col-0_2MB_assembly.unmapped.txt",
                "Col-0_2MB/assembly/flye",
                "Col-0_2MB/assembly/flye/Col-0_2MB.assembly.fasta.gz",
                "Col-0_2MB/assembly/flye/Col-0_2MB.assembly_graph.gfa.gz",
                "Col-0_2MB/assembly/flye/Col-0_2MB.assembly_graph.gv.gz",
                "Col-0_2MB/assembly/flye/Col-0_2MB.assembly_info.txt",
                "Col-0_2MB/assembly/flye/Col-0_2MB.flye.log",
                "Col-0_2MB/assembly/flye/Col-0_2MB.params.json",
                "Col-0_2MB/assembly/hifiasm",
                "Col-0_2MB/assembly/hifiasm/Col-0_2MB.bp.hap1.p_ctg.gfa",
                "Col-0_2MB/assembly/hifiasm/Col-0_2MB.bp.hap2.p_ctg.gfa",
                "Col-0_2MB/assembly/hifiasm/Col-0_2MB.bp.p_ctg.gfa",
                "Col-0_2MB/assembly/hifiasm/Col-0_2MB.bp.p_utg.gfa",
                "Col-0_2MB/assembly/hifiasm/Col-0_2MB.bp.r_utg.gfa",
                "Col-0_2MB/assembly/hifiasm/Col-0_2MB.ec.bin",
                "Col-0_2MB/assembly/hifiasm/Col-0_2MB.ovlp.reverse.bin",
                "Col-0_2MB/assembly/hifiasm/Col-0_2MB.ovlp.source.bin",
                "Col-0_2MB/assembly/hifiasm/Col-0_2MB.stderr.log",
                "Col-0_2MB/assembly/hifiasm/fasta",
                "Col-0_2MB/assembly/hifiasm/fasta/Col-0_2MB.bp.p_utg.fa.gz",
                "Col-0_2MB/assembly/ragtag",
                "Col-0_2MB/assembly/ragtag/Col-0_2MB_assembly_patch.comps.fasta",
                "Col-0_2MB/assembly/ragtag/Col-0_2MB_assembly_patch.ctg.agp",
                "Col-0_2MB/assembly/ragtag/Col-0_2MB_assembly_patch.ctg.fasta",
                "Col-0_2MB/assembly/ragtag/Col-0_2MB_assembly_patch.patch.agp",
                "Col-0_2MB/assembly/ragtag/Col-0_2MB_assembly_patch.patch.err",
                "Col-0_2MB/assembly/ragtag/Col-0_2MB_assembly_patch.patch.fasta",
                "Col-0_2MB/assembly/ragtag/Col-0_2MB_assembly_patch.rename.agp",
                "Col-0_2MB/assembly/ragtag/Col-0_2MB_assembly_patch.rename.fasta",
                "pipeline_info",
                "pipeline_info/nf_core_genomeassembler_software_versions.yml",
                "pipeline_info/nf_core_pipeline_software_versions.yml"
            ],
            [
                "Col-0_2MB_report.json:md5,25d7ae5780b2f565cb46df7c9e09388a",
                "Col-0_2MB_stats.json:md5,d41d8cd98f00b204e9800998ecf8427e",
                "Col-0_2MB_assembly.gff3:md5,b00792e10e922e02d08268787cb9e8a4",
                "Col-0_2MB_assembly.unmapped.txt:md5,9d076ee5ea1adf386e9ce6b42f60062a",
                "Col-0_2MB.assembly.fasta.gz:md5,f3e5f9eec6fcdc48950cf00843c59dea",
                "Col-0_2MB.assembly_graph.gfa.gz:md5,24bcaf40e4f24a4a9630ba2594ad26c4",
                "Col-0_2MB.assembly_graph.gv.gz:md5,d0a4372f71cc11c39097a95c6e699f74",
                "Col-0_2MB.assembly_info.txt:md5,59169ad6edd1eb804a8f7c9091027801",
                "Col-0_2MB.flye.log:md5,798d48bb2f28d272e13fbea55ddd2708",
                "Col-0_2MB.params.json:md5,afa91c041bce5e190f4a699d11b69db6",
                "Col-0_2MB.bp.hap1.p_ctg.gfa:md5,46ee70869884ad585165bd48081414e9",
                "Col-0_2MB.bp.hap2.p_ctg.gfa:md5,7792865547989d6d284f640425c4e36c",
                "Col-0_2MB.bp.p_ctg.gfa:md5,8fe65466d76815ffe1663ff6d8f2e8d1",
                "Col-0_2MB.bp.p_utg.gfa:md5,ba2c77ebdb2ad3e6060f5574e890c6eb",
                "Col-0_2MB.bp.r_utg.gfa:md5,ba2c77ebdb2ad3e6060f5574e890c6eb",
                "Col-0_2MB.ec.bin:md5,2aafb04804b93ca4739e46a4804aa830",
                "Col-0_2MB.ovlp.reverse.bin:md5,b8219e26d82a4dca3e402f48484802ad",
                "Col-0_2MB.ovlp.source.bin:md5,569ac457701691dddb0ee8465904d87a",
                "Col-0_2MB.stderr.log:md5,c6d62ede7a85b51e55a2cad41facdd3e",
                "Col-0_2MB.bp.p_utg.fa.gz:md5,812a3a16dc68bb409deb69f0aef7e6a8",
                "Col-0_2MB_assembly_patch.comps.fasta:md5,b55d9eeb5f60c7f2aea8d3c931ea04a6",
                "Col-0_2MB_assembly_patch.ctg.agp:md5,e108aa9d312d2c9864d64216e4cffeb8",
                "Col-0_2MB_assembly_patch.ctg.fasta:md5,2fb846edf1e09ec9e2886f52398c94b7",
                "Col-0_2MB_assembly_patch.patch.agp:md5,c4463c42657d62a8ed2b070ab1eba6ed",
                "Col-0_2MB_assembly_patch.patch.err:md5,d41d8cd98f00b204e9800998ecf8427e",
                "Col-0_2MB_assembly_patch.patch.fasta:md5,2fb846edf1e09ec9e2886f52398c94b7",
                "Col-0_2MB_assembly_patch.rename.agp:md5,dadb25c5c5091c5004361c25a9b60940",
                "Col-0_2MB_assembly_patch.rename.fasta:md5,0515edc4c23258ef17d6ba085a6e4d31"
            ]
        ],
        "meta": {
            "nf-test": "0.9.2",
            "nextflow": "24.10.3"
        },
        "timestamp": "2025-06-26T15:22:58.702490988"
    }
}