{
    "-profile test": {
        "content": [
            79,
            {
                "ADD_RG": {
                    "picard": "3.4.0"
                },
                "BGZIP": {
                    "htslib": "1.23.1",
                    "xz": "5.8.3"
                },
                "BGZIP_FLYE_HIFI": {
                    "htslib": "1.23.1",
                    "xz": "5.8.3"
                },
                "BGZIP_FLYE_ONT": {
                    "htslib": "1.23.1",
                    "xz": "5.8.3"
                },
                "BGZIP_HIFI": {
                    "htslib": "1.23.1",
                    "xz": "5.8.3"
                },
                "BGZIP_ONT": {
                    "htslib": "1.23.1",
                    "xz": "5.8.3"
                },
                "BGZIP_RAGTAG": {
                    "htslib": "1.23.1",
                    "xz": "5.8.3"
                },
                "BWAMEM2_INDEX": {
                    "bwamem2": "2.2.1"
                },
                "BWAMEM2_MEM": {
                    "bwamem2": "2.2.1"
                },
                "FASTPLONG_HIFI": {
                    "fastplong": "0.3.0"
                },
                "FASTPLONG_ONT": {
                    "fastplong": "0.3.0"
                },
                "FASTP_HIC": {
                    "fastp": "1.0.1"
                },
                "FLYE_HIFI": {
                    "flye": "2.9.5-b1801"
                },
                "FLYE_ONT": {
                    "flye": "2.9.5-b1801"
                },
                "GFA2FA_HIFI": {
                    "gfatools": "0.5-r234"
                },
                "GFA2FA_ONT": {
                    "gfatools": "0.5-r234"
                },
                "HIFIASM": {
                    "hifasm": "0.25.0-r726"
                },
                "HIFIASM_ONT": {
                    "hifasm": "0.25.0-r726"
                },
                "MARKDUP": {
                    "picard": "3.4.0"
                },
                "RAGTAG_PATCH": {
                    "ragtag": "2.1.0"
                },
                "RAGTAG_SCAFFOLD": {
                    "ragtag": "2.1.0"
                },
                "SAMTOOLS_FAIDX": {
                    "samtools": "1.22.1"
                },
                "YAHS": {
                    "yahs": "1.2.2"
                }
            },
            [
                "pipeline_info",
                "pipeline_info/nf_core_pipeline_software_versions.yml",
                "test_flye_hifiasm",
                "test_flye_hifiasm/assembly",
                "test_flye_hifiasm/assembly/flye",
                "test_flye_hifiasm/assembly/flye/out",
                "test_flye_hifiasm/assembly/flye/out/test_flye_hifiasm.assembly.fasta.gz",
                "test_flye_hifiasm/assembly/flye/test_flye_hifiasm.assembly.fasta",
                "test_flye_hifiasm/assembly/flye/test_flye_hifiasm.assembly_graph.gfa.gz",
                "test_flye_hifiasm/assembly/flye/test_flye_hifiasm.assembly_graph.gv.gz",
                "test_flye_hifiasm/assembly/flye/test_flye_hifiasm.assembly_info.txt",
                "test_flye_hifiasm/assembly/flye/test_flye_hifiasm.flye.log",
                "test_flye_hifiasm/assembly/flye/test_flye_hifiasm.params.json",
                "test_flye_hifiasm/assembly/hifiasm",
                "test_flye_hifiasm/assembly/hifiasm/fasta",
                "test_flye_hifiasm/assembly/hifiasm/fasta/out",
                "test_flye_hifiasm/assembly/hifiasm/fasta/out/test_flye_hifiasm.fasta.gz",
                "test_flye_hifiasm/assembly/hifiasm/test_flye_hifiasm.bp.hap1.p_ctg.gfa",
                "test_flye_hifiasm/assembly/hifiasm/test_flye_hifiasm.bp.hap2.p_ctg.gfa",
                "test_flye_hifiasm/assembly/hifiasm/test_flye_hifiasm.bp.p_ctg.gfa",
                "test_flye_hifiasm/assembly/hifiasm/test_flye_hifiasm.bp.p_utg.gfa",
                "test_flye_hifiasm/assembly/hifiasm/test_flye_hifiasm.bp.r_utg.gfa",
                "test_flye_hifiasm/assembly/hifiasm/test_flye_hifiasm.ec.bin",
                "test_flye_hifiasm/assembly/hifiasm/test_flye_hifiasm.ovlp.reverse.bin",
                "test_flye_hifiasm/assembly/hifiasm/test_flye_hifiasm.ovlp.source.bin",
                "test_flye_hifiasm/assembly/hifiasm/test_flye_hifiasm.stderr.log",
                "test_flye_hifiasm/assembly/ragtag",
                "test_flye_hifiasm/assembly/ragtag/test_flye_hifiasm_assembly_patch.comps.fasta",
                "test_flye_hifiasm/assembly/ragtag/test_flye_hifiasm_assembly_patch.ctg.agp",
                "test_flye_hifiasm/assembly/ragtag/test_flye_hifiasm_assembly_patch.ctg.fasta",
                "test_flye_hifiasm/assembly/ragtag/test_flye_hifiasm_assembly_patch.patch.agp",
                "test_flye_hifiasm/assembly/ragtag/test_flye_hifiasm_assembly_patch.patch.err",
                "test_flye_hifiasm/assembly/ragtag/test_flye_hifiasm_assembly_patch.patch.fasta",
                "test_flye_hifiasm/assembly/ragtag/test_flye_hifiasm_assembly_patch.rename.agp",
                "test_flye_hifiasm/assembly/ragtag/test_flye_hifiasm_assembly_patch.rename.fasta",
                "test_flye_hifiasm/bgzip",
                "test_flye_hifiasm/bgzip/out",
                "test_flye_hifiasm/bgzip/out/test_flye_hifiasm_assembly_patch.patch.fasta.gz",
                "test_flye_hifiasm/gfa2fa",
                "test_flye_hifiasm/gfa2fa/test_flye_hifiasm.fasta",
                "test_flye_hifiasm/reads",
                "test_flye_hifiasm/reads/fastplong",
                "test_flye_hifiasm/reads/fastplong/hifi",
                "test_flye_hifiasm/reads/fastplong/hifi/test_flye_hifiasm_hifi.fastplong.fastq.gz",
                "test_flye_hifiasm/reads/fastplong/hifi/test_flye_hifiasm_hifi.fastplong.html",
                "test_flye_hifiasm/reads/fastplong/hifi/test_flye_hifiasm_hifi.fastplong.json",
                "test_flye_hifiasm/reads/fastplong/hifi/test_flye_hifiasm_hifi.fastplong.log",
                "test_flye_hifiasm/reads/fastplong/ont",
                "test_flye_hifiasm/reads/fastplong/ont/test_flye_hifiasm_ont.fastplong.fastq.gz",
                "test_flye_hifiasm/reads/fastplong/ont/test_flye_hifiasm_ont.fastplong.html",
                "test_flye_hifiasm/reads/fastplong/ont/test_flye_hifiasm_ont.fastplong.json",
                "test_flye_hifiasm/reads/fastplong/ont/test_flye_hifiasm_ont.fastplong.log",
                "test_flye_hifiasm/scaffold",
                "test_flye_hifiasm/scaffold/ragtag",
                "test_flye_hifiasm/scaffold/ragtag/out",
                "test_flye_hifiasm/scaffold/ragtag/out/test_flye_hifiasm_ragtag.fasta.gz",
                "test_flye_hifiasm/scaffold/ragtag/test_flye_hifiasm_ragtag.agp",
                "test_flye_hifiasm/scaffold/ragtag/test_flye_hifiasm_ragtag.fasta",
                "test_flye_hifiasm/scaffold/ragtag/test_flye_hifiasm_ragtag.stats",
                "test_hifi_flye",
                "test_hifi_flye/assembly",
                "test_hifi_flye/assembly/flye",
                "test_hifi_flye/assembly/flye/out",
                "test_hifi_flye/assembly/flye/out/test_hifi_flye.assembly.fasta.gz",
                "test_hifi_flye/assembly/flye/test_hifi_flye.assembly.fasta",
                "test_hifi_flye/assembly/flye/test_hifi_flye.assembly_graph.gfa.gz",
                "test_hifi_flye/assembly/flye/test_hifi_flye.assembly_graph.gv.gz",
                "test_hifi_flye/assembly/flye/test_hifi_flye.assembly_info.txt",
                "test_hifi_flye/assembly/flye/test_hifi_flye.flye.log",
                "test_hifi_flye/assembly/flye/test_hifi_flye.params.json",
                "test_hifi_flye/reads",
                "test_hifi_flye/reads/fastplong",
                "test_hifi_flye/reads/fastplong/hifi",
                "test_hifi_flye/reads/fastplong/hifi/test_hifi_flye_hifi.fastplong.fastq.gz",
                "test_hifi_flye/reads/fastplong/hifi/test_hifi_flye_hifi.fastplong.html",
                "test_hifi_flye/reads/fastplong/hifi/test_hifi_flye_hifi.fastplong.json",
                "test_hifi_flye/reads/fastplong/hifi/test_hifi_flye_hifi.fastplong.log",
                "test_hifi_flye/reads/fastplong/ont",
                "test_hifi_flye/reads/fastplong/ont/test_hifi_flye_ont.fastplong.fastq.gz",
                "test_hifi_flye/reads/fastplong/ont/test_hifi_flye_ont.fastplong.html",
                "test_hifi_flye/reads/fastplong/ont/test_hifi_flye_ont.fastplong.json",
                "test_hifi_flye/reads/fastplong/ont/test_hifi_flye_ont.fastplong.log",
                "test_hifi_flye/scaffold",
                "test_hifi_flye/scaffold/ragtag",
                "test_hifi_flye/scaffold/ragtag/out",
                "test_hifi_flye/scaffold/ragtag/out/test_hifi_flye_ragtag.fasta.gz",
                "test_hifi_flye/scaffold/ragtag/test_hifi_flye_ragtag.agp",
                "test_hifi_flye/scaffold/ragtag/test_hifi_flye_ragtag.fasta",
                "test_hifi_flye/scaffold/ragtag/test_hifi_flye_ragtag.stats",
                "test_hifi_hifiasm",
                "test_hifi_hifiasm/assembly",
                "test_hifi_hifiasm/assembly/hifiasm",
                "test_hifi_hifiasm/assembly/hifiasm/fasta",
                "test_hifi_hifiasm/assembly/hifiasm/fasta/out",
                "test_hifi_hifiasm/assembly/hifiasm/fasta/out/test_hifi_hifiasm.fasta.gz",
                "test_hifi_hifiasm/assembly/hifiasm/test_hifi_hifiasm.bp.hap1.p_ctg.gfa",
                "test_hifi_hifiasm/assembly/hifiasm/test_hifi_hifiasm.bp.hap2.p_ctg.gfa",
                "test_hifi_hifiasm/assembly/hifiasm/test_hifi_hifiasm.bp.p_ctg.gfa",
                "test_hifi_hifiasm/assembly/hifiasm/test_hifi_hifiasm.bp.p_utg.gfa",
                "test_hifi_hifiasm/assembly/hifiasm/test_hifi_hifiasm.bp.r_utg.gfa",
                "test_hifi_hifiasm/assembly/hifiasm/test_hifi_hifiasm.ec.bin",
                "test_hifi_hifiasm/assembly/hifiasm/test_hifi_hifiasm.ovlp.reverse.bin",
                "test_hifi_hifiasm/assembly/hifiasm/test_hifi_hifiasm.ovlp.source.bin",
                "test_hifi_hifiasm/assembly/hifiasm/test_hifi_hifiasm.stderr.log",
                "test_hifi_hifiasm/gfa2fa",
                "test_hifi_hifiasm/gfa2fa/test_hifi_hifiasm.fasta",
                "test_hifi_hifiasm/reads",
                "test_hifi_hifiasm/reads/fastplong",
                "test_hifi_hifiasm/reads/fastplong/hifi",
                "test_hifi_hifiasm/reads/fastplong/hifi/test_hifi_hifiasm_hifi.fastplong.fastq.gz",
                "test_hifi_hifiasm/reads/fastplong/hifi/test_hifi_hifiasm_hifi.fastplong.html",
                "test_hifi_hifiasm/reads/fastplong/hifi/test_hifi_hifiasm_hifi.fastplong.json",
                "test_hifi_hifiasm/reads/fastplong/hifi/test_hifi_hifiasm_hifi.fastplong.log",
                "test_hifi_hifiasm/reads/fastplong/ont",
                "test_hifi_hifiasm/reads/fastplong/ont/test_hifi_hifiasm_ont.fastplong.fastq.gz",
                "test_hifi_hifiasm/reads/fastplong/ont/test_hifi_hifiasm_ont.fastplong.html",
                "test_hifi_hifiasm/reads/fastplong/ont/test_hifi_hifiasm_ont.fastplong.json",
                "test_hifi_hifiasm/reads/fastplong/ont/test_hifi_hifiasm_ont.fastplong.log",
                "test_hifiasm_flye",
                "test_hifiasm_flye/assembly",
                "test_hifiasm_flye/assembly/flye",
                "test_hifiasm_flye/assembly/flye/out",
                "test_hifiasm_flye/assembly/flye/out/test_hifiasm_flye.assembly.fasta.gz",
                "test_hifiasm_flye/assembly/flye/test_hifiasm_flye.assembly.fasta",
                "test_hifiasm_flye/assembly/flye/test_hifiasm_flye.assembly_graph.gfa.gz",
                "test_hifiasm_flye/assembly/flye/test_hifiasm_flye.assembly_graph.gv.gz",
                "test_hifiasm_flye/assembly/flye/test_hifiasm_flye.assembly_info.txt",
                "test_hifiasm_flye/assembly/flye/test_hifiasm_flye.flye.log",
                "test_hifiasm_flye/assembly/flye/test_hifiasm_flye.params.json",
                "test_hifiasm_flye/assembly/hifiasm_ont",
                "test_hifiasm_flye/assembly/hifiasm_ont/fasta",
                "test_hifiasm_flye/assembly/hifiasm_ont/fasta/out",
                "test_hifiasm_flye/assembly/hifiasm_ont/fasta/out/test_hifiasm_flye.fasta.gz",
                "test_hifiasm_flye/assembly/hifiasm_ont/test_hifiasm_flye.bp.hap1.p_ctg.gfa",
                "test_hifiasm_flye/assembly/hifiasm_ont/test_hifiasm_flye.bp.hap2.p_ctg.gfa",
                "test_hifiasm_flye/assembly/hifiasm_ont/test_hifiasm_flye.bp.p_ctg.gfa",
                "test_hifiasm_flye/assembly/hifiasm_ont/test_hifiasm_flye.bp.p_utg.gfa",
                "test_hifiasm_flye/assembly/hifiasm_ont/test_hifiasm_flye.bp.r_utg.gfa",
                "test_hifiasm_flye/assembly/hifiasm_ont/test_hifiasm_flye.ec.bin",
                "test_hifiasm_flye/assembly/hifiasm_ont/test_hifiasm_flye.ovlp.reverse.bin",
                "test_hifiasm_flye/assembly/hifiasm_ont/test_hifiasm_flye.ovlp.source.bin",
                "test_hifiasm_flye/assembly/hifiasm_ont/test_hifiasm_flye.stderr.log",
                "test_hifiasm_flye/assembly/ragtag",
                "test_hifiasm_flye/assembly/ragtag/test_hifiasm_flye_assembly_patch.comps.fasta",
                "test_hifiasm_flye/assembly/ragtag/test_hifiasm_flye_assembly_patch.ctg.agp",
                "test_hifiasm_flye/assembly/ragtag/test_hifiasm_flye_assembly_patch.ctg.fasta",
                "test_hifiasm_flye/assembly/ragtag/test_hifiasm_flye_assembly_patch.patch.agp",
                "test_hifiasm_flye/assembly/ragtag/test_hifiasm_flye_assembly_patch.patch.err",
                "test_hifiasm_flye/assembly/ragtag/test_hifiasm_flye_assembly_patch.patch.fasta",
                "test_hifiasm_flye/assembly/ragtag/test_hifiasm_flye_assembly_patch.rename.agp",
                "test_hifiasm_flye/assembly/ragtag/test_hifiasm_flye_assembly_patch.rename.fasta",
                "test_hifiasm_flye/bgzip",
                "test_hifiasm_flye/bgzip/out",
                "test_hifiasm_flye/bgzip/out/test_hifiasm_flye_assembly_patch.patch.fasta.gz",
                "test_hifiasm_flye/gfa2fa",
                "test_hifiasm_flye/gfa2fa/test_hifiasm_flye.fasta",
                "test_hifiasm_flye/reads",
                "test_hifiasm_flye/reads/fastplong",
                "test_hifiasm_flye/reads/fastplong/hifi",
                "test_hifiasm_flye/reads/fastplong/hifi/test_hifiasm_flye_hifi.fastplong.fastq.gz",
                "test_hifiasm_flye/reads/fastplong/hifi/test_hifiasm_flye_hifi.fastplong.html",
                "test_hifiasm_flye/reads/fastplong/hifi/test_hifiasm_flye_hifi.fastplong.json",
                "test_hifiasm_flye/reads/fastplong/hifi/test_hifiasm_flye_hifi.fastplong.log",
                "test_hifiasm_flye/reads/fastplong/ont",
                "test_hifiasm_flye/reads/fastplong/ont/test_hifiasm_flye_ont.fastplong.fastq.gz",
                "test_hifiasm_flye/reads/fastplong/ont/test_hifiasm_flye_ont.fastplong.html",
                "test_hifiasm_flye/reads/fastplong/ont/test_hifiasm_flye_ont.fastplong.json",
                "test_hifiasm_flye/reads/fastplong/ont/test_hifiasm_flye_ont.fastplong.log",
                "test_hifiasm_flye_hic",
                "test_hifiasm_flye_hic/assembly",
                "test_hifiasm_flye_hic/assembly/flye",
                "test_hifiasm_flye_hic/assembly/flye/out",
                "test_hifiasm_flye_hic/assembly/flye/out/test_hifiasm_flye_hic.assembly.fasta.gz",
                "test_hifiasm_flye_hic/assembly/flye/test_hifiasm_flye_hic.assembly.fasta",
                "test_hifiasm_flye_hic/assembly/flye/test_hifiasm_flye_hic.assembly_graph.gfa.gz",
                "test_hifiasm_flye_hic/assembly/flye/test_hifiasm_flye_hic.assembly_graph.gv.gz",
                "test_hifiasm_flye_hic/assembly/flye/test_hifiasm_flye_hic.assembly_info.txt",
                "test_hifiasm_flye_hic/assembly/flye/test_hifiasm_flye_hic.flye.log",
                "test_hifiasm_flye_hic/assembly/flye/test_hifiasm_flye_hic.params.json",
                "test_hifiasm_flye_hic/assembly/hifiasm_ont",
                "test_hifiasm_flye_hic/assembly/hifiasm_ont/fasta",
                "test_hifiasm_flye_hic/assembly/hifiasm_ont/fasta/out",
                "test_hifiasm_flye_hic/assembly/hifiasm_ont/fasta/out/test_hifiasm_flye_hic.fasta.gz",
                "test_hifiasm_flye_hic/assembly/hifiasm_ont/test_hifiasm_flye_hic.bp.hap1.p_ctg.gfa",
                "test_hifiasm_flye_hic/assembly/hifiasm_ont/test_hifiasm_flye_hic.bp.hap2.p_ctg.gfa",
                "test_hifiasm_flye_hic/assembly/hifiasm_ont/test_hifiasm_flye_hic.bp.p_ctg.gfa",
                "test_hifiasm_flye_hic/assembly/hifiasm_ont/test_hifiasm_flye_hic.bp.p_utg.gfa",
                "test_hifiasm_flye_hic/assembly/hifiasm_ont/test_hifiasm_flye_hic.bp.r_utg.gfa",
                "test_hifiasm_flye_hic/assembly/hifiasm_ont/test_hifiasm_flye_hic.ec.bin",
                "test_hifiasm_flye_hic/assembly/hifiasm_ont/test_hifiasm_flye_hic.ovlp.reverse.bin",
                "test_hifiasm_flye_hic/assembly/hifiasm_ont/test_hifiasm_flye_hic.ovlp.source.bin",
                "test_hifiasm_flye_hic/assembly/hifiasm_ont/test_hifiasm_flye_hic.stderr.log",
                "test_hifiasm_flye_hic/assembly/ragtag",
                "test_hifiasm_flye_hic/assembly/ragtag/test_hifiasm_flye_hic_assembly_patch.comps.fasta",
                "test_hifiasm_flye_hic/assembly/ragtag/test_hifiasm_flye_hic_assembly_patch.ctg.agp",
                "test_hifiasm_flye_hic/assembly/ragtag/test_hifiasm_flye_hic_assembly_patch.ctg.fasta",
                "test_hifiasm_flye_hic/assembly/ragtag/test_hifiasm_flye_hic_assembly_patch.patch.agp",
                "test_hifiasm_flye_hic/assembly/ragtag/test_hifiasm_flye_hic_assembly_patch.patch.err",
                "test_hifiasm_flye_hic/assembly/ragtag/test_hifiasm_flye_hic_assembly_patch.patch.fasta",
                "test_hifiasm_flye_hic/assembly/ragtag/test_hifiasm_flye_hic_assembly_patch.rename.agp",
                "test_hifiasm_flye_hic/assembly/ragtag/test_hifiasm_flye_hic_assembly_patch.rename.fasta",
                "test_hifiasm_flye_hic/bgzip",
                "test_hifiasm_flye_hic/bgzip/out",
                "test_hifiasm_flye_hic/bgzip/out/test_hifiasm_flye_hic_assembly_patch.patch.fasta.gz",
                "test_hifiasm_flye_hic/gfa2fa",
                "test_hifiasm_flye_hic/gfa2fa/test_hifiasm_flye_hic.fasta",
                "test_hifiasm_flye_hic/hic_reads",
                "test_hifiasm_flye_hic/hic_reads/fastp",
                "test_hifiasm_flye_hic/hic_reads/fastp/test_hifiasm_flye_hic_hicreads.fastp.html",
                "test_hifiasm_flye_hic/hic_reads/fastp/test_hifiasm_flye_hic_hicreads.fastp.json",
                "test_hifiasm_flye_hic/hic_reads/fastp/test_hifiasm_flye_hic_hicreads.fastp.log",
                "test_hifiasm_flye_hic/hic_reads/fastp/test_hifiasm_flye_hic_hicreads_R1.fastp.fastq.gz",
                "test_hifiasm_flye_hic/hic_reads/fastp/test_hifiasm_flye_hic_hicreads_R2.fastp.fastq.gz",
                "test_hifiasm_flye_hic/reads",
                "test_hifiasm_flye_hic/reads/fastplong",
                "test_hifiasm_flye_hic/reads/fastplong/hifi",
                "test_hifiasm_flye_hic/reads/fastplong/hifi/test_hifiasm_flye_hic_hifi.fastplong.fastq.gz",
                "test_hifiasm_flye_hic/reads/fastplong/hifi/test_hifiasm_flye_hic_hifi.fastplong.html",
                "test_hifiasm_flye_hic/reads/fastplong/hifi/test_hifiasm_flye_hic_hifi.fastplong.json",
                "test_hifiasm_flye_hic/reads/fastplong/hifi/test_hifiasm_flye_hic_hifi.fastplong.log",
                "test_hifiasm_flye_hic/reads/fastplong/ont",
                "test_hifiasm_flye_hic/reads/fastplong/ont/test_hifiasm_flye_hic_ont.fastplong.fastq.gz",
                "test_hifiasm_flye_hic/reads/fastplong/ont/test_hifiasm_flye_hic_ont.fastplong.html",
                "test_hifiasm_flye_hic/reads/fastplong/ont/test_hifiasm_flye_hic_ont.fastplong.json",
                "test_hifiasm_flye_hic/reads/fastplong/ont/test_hifiasm_flye_hic_ont.fastplong.log",
                "test_hifiasm_flye_hic/scaffold",
                "test_hifiasm_flye_hic/scaffold/hic",
                "test_hifiasm_flye_hic/scaffold/hic/add_replace_rg",
                "test_hifiasm_flye_hic/scaffold/hic/add_replace_rg/test_hifiasm_flye_hic_add_rg.bam",
                "test_hifiasm_flye_hic/scaffold/hic/bwamem2",
                "test_hifiasm_flye_hic/scaffold/hic/bwamem2/index",
                "test_hifiasm_flye_hic/scaffold/hic/bwamem2/index/bwamem2",
                "test_hifiasm_flye_hic/scaffold/hic/bwamem2/index/bwamem2/test_hifiasm_flye_hic_bwamem_index.0123",
                "test_hifiasm_flye_hic/scaffold/hic/bwamem2/index/bwamem2/test_hifiasm_flye_hic_bwamem_index.amb",
                "test_hifiasm_flye_hic/scaffold/hic/bwamem2/index/bwamem2/test_hifiasm_flye_hic_bwamem_index.ann",
                "test_hifiasm_flye_hic/scaffold/hic/bwamem2/index/bwamem2/test_hifiasm_flye_hic_bwamem_index.bwt.2bit.64",
                "test_hifiasm_flye_hic/scaffold/hic/bwamem2/index/bwamem2/test_hifiasm_flye_hic_bwamem_index.pac",
                "test_hifiasm_flye_hic/scaffold/hic/bwamem2/mem",
                "test_hifiasm_flye_hic/scaffold/hic/bwamem2/mem/test_hifiasm_flye_hic_bwamem.bam",
                "test_hifiasm_flye_hic/scaffold/hic/markdup",
                "test_hifiasm_flye_hic/scaffold/hic/markdup/test_hifiasm_flye_hic_hic_dedup.MarkDuplicates.metrics.txt",
                "test_hifiasm_flye_hic/scaffold/hic/markdup/test_hifiasm_flye_hic_hic_dedup.bai",
                "test_hifiasm_flye_hic/scaffold/hic/markdup/test_hifiasm_flye_hic_hic_dedup.bam",
                "test_hifiasm_flye_hic/scaffold/hic/yahs",
                "test_hifiasm_flye_hic/scaffold/hic/yahs/index",
                "test_hifiasm_flye_hic/scaffold/hic/yahs/index/test_hifiasm_flye_hic_assembly_patch.patch.fasta.gz.fai",
                "test_hifiasm_flye_hic/scaffold/hic/yahs/index/test_hifiasm_flye_hic_assembly_patch.patch.fasta.gz.gzi",
                "test_hifiasm_flye_hic/scaffold/hic/yahs/out",
                "test_hifiasm_flye_hic/scaffold/hic/yahs/out/test_hifiasm_flye_hic_hic_scaffolds_final.fa.gz",
                "test_hifiasm_flye_hic/scaffold/hic/yahs/test_hifiasm_flye_hic_hic.bin",
                "test_hifiasm_flye_hic/scaffold/hic/yahs/test_hifiasm_flye_hic_hic.log",
                "test_hifiasm_flye_hic/scaffold/hic/yahs/test_hifiasm_flye_hic_hic_inital_break_01.agp",
                "test_hifiasm_flye_hic/scaffold/hic/yahs/test_hifiasm_flye_hic_hic_r01_break.agp",
                "test_hifiasm_flye_hic/scaffold/hic/yahs/test_hifiasm_flye_hic_hic_r02_break.agp",
                "test_hifiasm_flye_hic/scaffold/hic/yahs/test_hifiasm_flye_hic_hic_scaffolds_final.agp",
                "test_hifiasm_flye_hic/scaffold/hic/yahs/test_hifiasm_flye_hic_hic_scaffolds_final.fa",
                "test_hifiasm_ul",
                "test_hifiasm_ul/assembly",
                "test_hifiasm_ul/assembly/hifiasm",
                "test_hifiasm_ul/assembly/hifiasm/fasta",
                "test_hifiasm_ul/assembly/hifiasm/fasta/out",
                "test_hifiasm_ul/assembly/hifiasm/fasta/out/test_hifiasm_ul.fasta.gz",
                "test_hifiasm_ul/assembly/hifiasm/test_hifiasm_ul.bp.hap1.p_ctg.gfa",
                "test_hifiasm_ul/assembly/hifiasm/test_hifiasm_ul.bp.hap2.p_ctg.gfa",
                "test_hifiasm_ul/assembly/hifiasm/test_hifiasm_ul.bp.p_ctg.gfa",
                "test_hifiasm_ul/assembly/hifiasm/test_hifiasm_ul.bp.p_utg.gfa",
                "test_hifiasm_ul/assembly/hifiasm/test_hifiasm_ul.bp.r_utg.gfa",
                "test_hifiasm_ul/assembly/hifiasm/test_hifiasm_ul.ec.bin",
                "test_hifiasm_ul/assembly/hifiasm/test_hifiasm_ul.ovlp.reverse.bin",
                "test_hifiasm_ul/assembly/hifiasm/test_hifiasm_ul.ovlp.source.bin",
                "test_hifiasm_ul/assembly/hifiasm/test_hifiasm_ul.re.uidx.bin",
                "test_hifiasm_ul/assembly/hifiasm/test_hifiasm_ul.re.uidx.ucr.bin",
                "test_hifiasm_ul/assembly/hifiasm/test_hifiasm_ul.re.ul.msk.bin",
                "test_hifiasm_ul/assembly/hifiasm/test_hifiasm_ul.re.ul.ovlp.bin",
                "test_hifiasm_ul/assembly/hifiasm/test_hifiasm_ul.stderr.log",
                "test_hifiasm_ul/assembly/hifiasm/test_hifiasm_ul.uidx.bin",
                "test_hifiasm_ul/assembly/hifiasm/test_hifiasm_ul.ul.ovlp.bin",
                "test_hifiasm_ul/gfa2fa",
                "test_hifiasm_ul/gfa2fa/test_hifiasm_ul.fasta",
                "test_hifiasm_ul/reads",
                "test_hifiasm_ul/reads/fastplong",
                "test_hifiasm_ul/reads/fastplong/hifi",
                "test_hifiasm_ul/reads/fastplong/hifi/test_hifiasm_ul_hifi.fastplong.fastq.gz",
                "test_hifiasm_ul/reads/fastplong/hifi/test_hifiasm_ul_hifi.fastplong.html",
                "test_hifiasm_ul/reads/fastplong/hifi/test_hifiasm_ul_hifi.fastplong.json",
                "test_hifiasm_ul/reads/fastplong/hifi/test_hifiasm_ul_hifi.fastplong.log",
                "test_hifiasm_ul/reads/fastplong/ont",
                "test_hifiasm_ul/reads/fastplong/ont/test_hifiasm_ul_ont.fastplong.fastq.gz",
                "test_hifiasm_ul/reads/fastplong/ont/test_hifiasm_ul_ont.fastplong.html",
                "test_hifiasm_ul/reads/fastplong/ont/test_hifiasm_ul_ont.fastplong.json",
                "test_hifiasm_ul/reads/fastplong/ont/test_hifiasm_ul_ont.fastplong.log",
                "test_hifiasm_ul/scaffold",
                "test_hifiasm_ul/scaffold/longstitch",
                "test_hifiasm_ul/scaffold/longstitch/assembly.cut250.tigmint.fa.k32.w100.tsv",
                "test_hifiasm_ul/scaffold/longstitch/assembly.cut250.tigmint.fa.k32.w100.z1000.n2.scaffold.dot",
                "test_hifiasm_ul/scaffold/longstitch/assembly.cut250.tigmint.fa.k32.w100.z1000.ntLink.scaffolds.fa",
                "test_hifiasm_ul/scaffold/longstitch/assembly.cut250.tigmint.fa.k32.w100.z1000.ntLink.scaffolds.renamed.fa",
                "test_hifiasm_ul/scaffold/longstitch/assembly.cut250.tigmint.fa.k32.w100.z1000.ntLink.scaffolds_c4_m8-10000_cut250_k20_r0.05_e30000_z1000.dist.gv",
                "test_hifiasm_ul/scaffold/longstitch/assembly.cut250.tigmint.fa.k32.w100.z1000.ntLink.scaffolds_c4_m8-10000_cut250_k20_r0.05_e30000_z1000.tigpair_checkpoint.tsv",
                "test_hifiasm_ul/scaffold/longstitch/assembly.cut250.tigmint.fa.k32.w100.z1000.ntLink.scaffolds_c4_m8-10000_cut250_k20_r0.05_e30000_z1000_l4_a0.3.assembly_correspondence.tsv",
                "test_hifiasm_ul/scaffold/longstitch/assembly.cut250.tigmint.fa.k32.w100.z1000.ntLink.scaffolds_c4_m8-10000_cut250_k20_r0.05_e30000_z1000_l4_a0.3.gv",
                "test_hifiasm_ul/scaffold/longstitch/assembly.cut250.tigmint.fa.k32.w100.z1000.ntLink.scaffolds_c4_m8-10000_cut250_k20_r0.05_e30000_z1000_l4_a0.3.log",
                "test_hifiasm_ul/scaffold/longstitch/assembly.cut250.tigmint.fa.k32.w100.z1000.ntLink.scaffolds_c4_m8-10000_cut250_k20_r0.05_e30000_z1000_l4_a0.3.scaffolds",
                "test_hifiasm_ul/scaffold/longstitch/assembly.cut250.tigmint.fa.k32.w100.z1000.ntLink.scaffolds_c4_m8-10000_cut250_k20_r0.05_e30000_z1000_l4_a0.3.scaffolds.fa",
                "test_hifiasm_ul/scaffold/longstitch/assembly.cut250.tigmint.fa.k32.w100.z1000.ntLink.scaffolds_c4_m8-10000_cut250_k20_r0.05_e30000_z1000_l4_a0.3.tigpair_checkpoint.tsv",
                "test_hifiasm_ul/scaffold/longstitch/assembly.cut250.tigmint.fa.k32.w100.z1000.ntLink.scaffolds_c4_m8-10000_cut250_k20_r0.05_e30000_z1000_main.tsv",
                "test_hifiasm_ul/scaffold/longstitch/assembly.cut250.tigmint.fa.k32.w100.z1000.ntLink.scaffolds_c4_m8-10000_cut250_k20_r0.05_e30000_z1000_original.gv",
                "test_hifiasm_ul/scaffold/longstitch/assembly.cut250.tigmint.fa.k32.w100.z1000.stitch.abyss-scaffold.fa",
                "test_hifiasm_ul/scaffold/longstitch/assembly.cut250.tigmint.fa.k32.w100.z1000.stitch.path",
                "test_hifiasm_ul/scaffold/longstitch/assembly.cut250.tigmint.fa.k32.w100.z1000.trimmed_scafs.agp",
                "test_hifiasm_ul/scaffold/longstitch/assembly.cut250.tigmint.fa.k32.w100.z1000.trimmed_scafs.fa",
                "test_hifiasm_ul/scaffold/longstitch/assembly.cut250.tigmint.fa.k32.w100.z1000.trimmed_scafs.path",
                "test_hifiasm_ul/scaffold/longstitch/assembly.cut250.tigmint.fa.k32.w100.z1000.trimmed_scafs.tsv",
                "test_hifiasm_ul/scaffold/longstitch/assembly.cut250.tigmint.fa.k32.w100.z1000.verbose_mapping.tsv",
                "test_hifiasm_ul/scaffold/longstitch/out",
                "test_hifiasm_ul/scaffold/longstitch/out/test_hifiasm_ul_longstitch.tigmint-ntLink-arks.fa.gz",
                "test_hifiasm_ul/scaffold/longstitch/test_hifiasm_ul_longstitch.tigmint-ntLink-arks.fa",
                "test_hifiasm_ul/scaffold/longstitch/versions.yml",
                "test_ont_flye",
                "test_ont_flye/assembly",
                "test_ont_flye/assembly/flye",
                "test_ont_flye/assembly/flye/out",
                "test_ont_flye/assembly/flye/out/test_ont_flye.assembly.fasta.gz",
                "test_ont_flye/assembly/flye/test_ont_flye.assembly.fasta",
                "test_ont_flye/assembly/flye/test_ont_flye.assembly_graph.gfa.gz",
                "test_ont_flye/assembly/flye/test_ont_flye.assembly_graph.gv.gz",
                "test_ont_flye/assembly/flye/test_ont_flye.assembly_info.txt",
                "test_ont_flye/assembly/flye/test_ont_flye.flye.log",
                "test_ont_flye/assembly/flye/test_ont_flye.params.json",
                "test_ont_flye/reads",
                "test_ont_flye/reads/fastplong",
                "test_ont_flye/reads/fastplong/hifi",
                "test_ont_flye/reads/fastplong/hifi/test_ont_flye_hifi.fastplong.fastq.gz",
                "test_ont_flye/reads/fastplong/hifi/test_ont_flye_hifi.fastplong.html",
                "test_ont_flye/reads/fastplong/hifi/test_ont_flye_hifi.fastplong.json",
                "test_ont_flye/reads/fastplong/hifi/test_ont_flye_hifi.fastplong.log",
                "test_ont_flye/reads/fastplong/ont",
                "test_ont_flye/reads/fastplong/ont/test_ont_flye_ont.fastplong.fastq.gz",
                "test_ont_flye/reads/fastplong/ont/test_ont_flye_ont.fastplong.html",
                "test_ont_flye/reads/fastplong/ont/test_ont_flye_ont.fastplong.json",
                "test_ont_flye/reads/fastplong/ont/test_ont_flye_ont.fastplong.log",
                "test_ont_hifiasm",
                "test_ont_hifiasm/assembly",
                "test_ont_hifiasm/assembly/hifiasm_ont",
                "test_ont_hifiasm/assembly/hifiasm_ont/fasta",
                "test_ont_hifiasm/assembly/hifiasm_ont/fasta/out",
                "test_ont_hifiasm/assembly/hifiasm_ont/fasta/out/test_ont_hifiasm.fasta.gz",
                "test_ont_hifiasm/assembly/hifiasm_ont/test_ont_hifiasm.bp.hap1.p_ctg.gfa",
                "test_ont_hifiasm/assembly/hifiasm_ont/test_ont_hifiasm.bp.hap2.p_ctg.gfa",
                "test_ont_hifiasm/assembly/hifiasm_ont/test_ont_hifiasm.bp.p_ctg.gfa",
                "test_ont_hifiasm/assembly/hifiasm_ont/test_ont_hifiasm.bp.p_utg.gfa",
                "test_ont_hifiasm/assembly/hifiasm_ont/test_ont_hifiasm.bp.r_utg.gfa",
                "test_ont_hifiasm/assembly/hifiasm_ont/test_ont_hifiasm.ec.bin",
                "test_ont_hifiasm/assembly/hifiasm_ont/test_ont_hifiasm.ovlp.reverse.bin",
                "test_ont_hifiasm/assembly/hifiasm_ont/test_ont_hifiasm.ovlp.source.bin",
                "test_ont_hifiasm/assembly/hifiasm_ont/test_ont_hifiasm.stderr.log",
                "test_ont_hifiasm/gfa2fa",
                "test_ont_hifiasm/gfa2fa/test_ont_hifiasm.fasta",
                "test_ont_hifiasm/reads",
                "test_ont_hifiasm/reads/fastplong",
                "test_ont_hifiasm/reads/fastplong/hifi",
                "test_ont_hifiasm/reads/fastplong/hifi/test_ont_hifiasm_hifi.fastplong.fastq.gz",
                "test_ont_hifiasm/reads/fastplong/hifi/test_ont_hifiasm_hifi.fastplong.html",
                "test_ont_hifiasm/reads/fastplong/hifi/test_ont_hifiasm_hifi.fastplong.json",
                "test_ont_hifiasm/reads/fastplong/hifi/test_ont_hifiasm_hifi.fastplong.log",
                "test_ont_hifiasm/reads/fastplong/ont",
                "test_ont_hifiasm/reads/fastplong/ont/test_ont_hifiasm_ont.fastplong.fastq.gz",
                "test_ont_hifiasm/reads/fastplong/ont/test_ont_hifiasm_ont.fastplong.html",
                "test_ont_hifiasm/reads/fastplong/ont/test_ont_hifiasm_ont.fastplong.json",
                "test_ont_hifiasm/reads/fastplong/ont/test_ont_hifiasm_ont.fastplong.log",
                "test_ont_hifiasm/scaffold",
                "test_ont_hifiasm/scaffold/ragtag",
                "test_ont_hifiasm/scaffold/ragtag/out",
                "test_ont_hifiasm/scaffold/ragtag/out/test_ont_hifiasm_ragtag.fasta.gz",
                "test_ont_hifiasm/scaffold/ragtag/test_ont_hifiasm_ragtag.agp",
                "test_ont_hifiasm/scaffold/ragtag/test_ont_hifiasm_ragtag.fasta",
                "test_ont_hifiasm/scaffold/ragtag/test_ont_hifiasm_ragtag.stats",
                "test_ont_hifiasm_hic",
                "test_ont_hifiasm_hic/assembly",
                "test_ont_hifiasm_hic/assembly/hifiasm_ont",
                "test_ont_hifiasm_hic/assembly/hifiasm_ont/fasta",
                "test_ont_hifiasm_hic/assembly/hifiasm_ont/fasta/out",
                "test_ont_hifiasm_hic/assembly/hifiasm_ont/fasta/out/test_ont_hifiasm_hic.fasta.gz",
                "test_ont_hifiasm_hic/assembly/hifiasm_ont/test_ont_hifiasm_hic.bp.hap1.p_ctg.gfa",
                "test_ont_hifiasm_hic/assembly/hifiasm_ont/test_ont_hifiasm_hic.bp.hap2.p_ctg.gfa",
                "test_ont_hifiasm_hic/assembly/hifiasm_ont/test_ont_hifiasm_hic.bp.p_ctg.gfa",
                "test_ont_hifiasm_hic/assembly/hifiasm_ont/test_ont_hifiasm_hic.bp.p_utg.gfa",
                "test_ont_hifiasm_hic/assembly/hifiasm_ont/test_ont_hifiasm_hic.bp.r_utg.gfa",
                "test_ont_hifiasm_hic/assembly/hifiasm_ont/test_ont_hifiasm_hic.ec.bin",
                "test_ont_hifiasm_hic/assembly/hifiasm_ont/test_ont_hifiasm_hic.ovlp.reverse.bin",
                "test_ont_hifiasm_hic/assembly/hifiasm_ont/test_ont_hifiasm_hic.ovlp.source.bin",
                "test_ont_hifiasm_hic/assembly/hifiasm_ont/test_ont_hifiasm_hic.stderr.log",
                "test_ont_hifiasm_hic/gfa2fa",
                "test_ont_hifiasm_hic/gfa2fa/test_ont_hifiasm_hic.fasta",
                "test_ont_hifiasm_hic/hic_reads",
                "test_ont_hifiasm_hic/hic_reads/fastp",
                "test_ont_hifiasm_hic/hic_reads/fastp/test_ont_hifiasm_hic_hicreads.fastp.html",
                "test_ont_hifiasm_hic/hic_reads/fastp/test_ont_hifiasm_hic_hicreads.fastp.json",
                "test_ont_hifiasm_hic/hic_reads/fastp/test_ont_hifiasm_hic_hicreads.fastp.log",
                "test_ont_hifiasm_hic/hic_reads/fastp/test_ont_hifiasm_hic_hicreads_R1.fastp.fastq.gz",
                "test_ont_hifiasm_hic/hic_reads/fastp/test_ont_hifiasm_hic_hicreads_R2.fastp.fastq.gz",
                "test_ont_hifiasm_hic/reads",
                "test_ont_hifiasm_hic/reads/fastplong",
                "test_ont_hifiasm_hic/reads/fastplong/hifi",
                "test_ont_hifiasm_hic/reads/fastplong/hifi/test_ont_hifiasm_hic_hifi.fastplong.fastq.gz",
                "test_ont_hifiasm_hic/reads/fastplong/hifi/test_ont_hifiasm_hic_hifi.fastplong.html",
                "test_ont_hifiasm_hic/reads/fastplong/hifi/test_ont_hifiasm_hic_hifi.fastplong.json",
                "test_ont_hifiasm_hic/reads/fastplong/hifi/test_ont_hifiasm_hic_hifi.fastplong.log",
                "test_ont_hifiasm_hic/reads/fastplong/ont",
                "test_ont_hifiasm_hic/reads/fastplong/ont/test_ont_hifiasm_hic_ont.fastplong.fastq.gz",
                "test_ont_hifiasm_hic/reads/fastplong/ont/test_ont_hifiasm_hic_ont.fastplong.html",
                "test_ont_hifiasm_hic/reads/fastplong/ont/test_ont_hifiasm_hic_ont.fastplong.json",
                "test_ont_hifiasm_hic/reads/fastplong/ont/test_ont_hifiasm_hic_ont.fastplong.log",
                "test_ont_hifiasm_hic/scaffold",
                "test_ont_hifiasm_hic/scaffold/hic",
                "test_ont_hifiasm_hic/scaffold/hic/add_replace_rg",
                "test_ont_hifiasm_hic/scaffold/hic/add_replace_rg/test_ont_hifiasm_hic_add_rg.bam",
                "test_ont_hifiasm_hic/scaffold/hic/bwamem2",
                "test_ont_hifiasm_hic/scaffold/hic/bwamem2/index",
                "test_ont_hifiasm_hic/scaffold/hic/bwamem2/index/bwamem2",
                "test_ont_hifiasm_hic/scaffold/hic/bwamem2/index/bwamem2/test_ont_hifiasm_hic_bwamem_index.0123",
                "test_ont_hifiasm_hic/scaffold/hic/bwamem2/index/bwamem2/test_ont_hifiasm_hic_bwamem_index.amb",
                "test_ont_hifiasm_hic/scaffold/hic/bwamem2/index/bwamem2/test_ont_hifiasm_hic_bwamem_index.ann",
                "test_ont_hifiasm_hic/scaffold/hic/bwamem2/index/bwamem2/test_ont_hifiasm_hic_bwamem_index.bwt.2bit.64",
                "test_ont_hifiasm_hic/scaffold/hic/bwamem2/index/bwamem2/test_ont_hifiasm_hic_bwamem_index.pac",
                "test_ont_hifiasm_hic/scaffold/hic/bwamem2/mem",
                "test_ont_hifiasm_hic/scaffold/hic/bwamem2/mem/test_ont_hifiasm_hic_bwamem.bam",
                "test_ont_hifiasm_hic/scaffold/hic/markdup",
                "test_ont_hifiasm_hic/scaffold/hic/markdup/test_ont_hifiasm_hic_hic_dedup.MarkDuplicates.metrics.txt",
                "test_ont_hifiasm_hic/scaffold/hic/markdup/test_ont_hifiasm_hic_hic_dedup.bai",
                "test_ont_hifiasm_hic/scaffold/hic/markdup/test_ont_hifiasm_hic_hic_dedup.bam",
                "test_ont_hifiasm_hic/scaffold/hic/yahs",
                "test_ont_hifiasm_hic/scaffold/hic/yahs/index",
                "test_ont_hifiasm_hic/scaffold/hic/yahs/index/test_ont_hifiasm_hic.fasta.gz.fai",
                "test_ont_hifiasm_hic/scaffold/hic/yahs/index/test_ont_hifiasm_hic.fasta.gz.gzi",
                "test_ont_hifiasm_hic/scaffold/hic/yahs/out",
                "test_ont_hifiasm_hic/scaffold/hic/yahs/out/test_ont_hifiasm_hic_hic_scaffolds_final.fa.gz",
                "test_ont_hifiasm_hic/scaffold/hic/yahs/test_ont_hifiasm_hic_hic.bin",
                "test_ont_hifiasm_hic/scaffold/hic/yahs/test_ont_hifiasm_hic_hic.log",
                "test_ont_hifiasm_hic/scaffold/hic/yahs/test_ont_hifiasm_hic_hic_inital_break_01.agp",
                "test_ont_hifiasm_hic/scaffold/hic/yahs/test_ont_hifiasm_hic_hic_r01_break.agp",
                "test_ont_hifiasm_hic/scaffold/hic/yahs/test_ont_hifiasm_hic_hic_r02_break.agp",
                "test_ont_hifiasm_hic/scaffold/hic/yahs/test_ont_hifiasm_hic_hic_scaffolds_final.agp",
                "test_ont_hifiasm_hic/scaffold/hic/yahs/test_ont_hifiasm_hic_hic_scaffolds_final.fa"
            ],
            [
                "test_flye_hifiasm.params.json:md5,afa91c041bce5e190f4a699d11b69db6",
                "test_flye_hifiasm.fasta.gz:md5,77e3d5af48175c784bfd217048fe271b",
                "test_flye_hifiasm.bp.hap1.p_ctg.gfa:md5,46ee70869884ad585165bd48081414e9",
                "test_flye_hifiasm.bp.hap2.p_ctg.gfa:md5,7792865547989d6d284f640425c4e36c",
                "test_flye_hifiasm.bp.p_ctg.gfa:md5,8fe65466d76815ffe1663ff6d8f2e8d1",
                "test_flye_hifiasm.bp.p_utg.gfa:md5,ba2c77ebdb2ad3e6060f5574e890c6eb",
                "test_flye_hifiasm.bp.r_utg.gfa:md5,ba2c77ebdb2ad3e6060f5574e890c6eb",
                "test_flye_hifiasm_assembly_patch.patch.err:md5,d41d8cd98f00b204e9800998ecf8427e",
                "test_flye_hifiasm_assembly_patch.rename.fasta:md5,0515edc4c23258ef17d6ba085a6e4d31",
                "test_flye_hifiasm.fasta:md5,77e3d5af48175c784bfd217048fe271b",
                "test_flye_hifiasm_hifi.fastplong.json:md5,0e20fedb8dfe0646232060da502883ee",
                "test_flye_hifiasm_ont.fastplong.json:md5,826cc5a321dd130a2f2c53cdb1a345b2",
                "test_hifi_flye.params.json:md5,54b576cb6d4d27656878a7fd3657bde9",
                "test_hifi_flye_hifi.fastplong.json:md5,daad59b32b84b79c29c274ed20f03cce",
                "test_hifi_flye_ont.fastplong.json:md5,198eb762846548340557f5f861f10c11",
                "test_hifi_flye_ragtag.fasta:md5,79d2708ebfdbd7b766b9e7c6ee795d5b",
                "test_hifi_flye_ragtag.stats:md5,25325bb3c27246be0934f38f291b57b2",
                "test_hifi_hifiasm.fasta.gz:md5,77e3d5af48175c784bfd217048fe271b",
                "test_hifi_hifiasm.bp.hap1.p_ctg.gfa:md5,46ee70869884ad585165bd48081414e9",
                "test_hifi_hifiasm.bp.hap2.p_ctg.gfa:md5,7792865547989d6d284f640425c4e36c",
                "test_hifi_hifiasm.bp.p_ctg.gfa:md5,8fe65466d76815ffe1663ff6d8f2e8d1",
                "test_hifi_hifiasm.bp.p_utg.gfa:md5,ba2c77ebdb2ad3e6060f5574e890c6eb",
                "test_hifi_hifiasm.bp.r_utg.gfa:md5,ba2c77ebdb2ad3e6060f5574e890c6eb",
                "test_hifi_hifiasm.fasta:md5,77e3d5af48175c784bfd217048fe271b",
                "test_hifi_hifiasm_hifi.fastplong.json:md5,e58f896e9b70344ae4e607324c2c6742",
                "test_hifi_hifiasm_ont.fastplong.json:md5,eedbb98c4d3870f38320d75b21c86604",
                "test_hifiasm_flye.params.json:md5,54b576cb6d4d27656878a7fd3657bde9",
                "test_hifiasm_flye.fasta.gz:md5,35d9e542fb372022a36ecf4854467e80",
                "test_hifiasm_flye.bp.hap1.p_ctg.gfa:md5,c9a084903ea872a7ac28f3bbd5eee8f3",
                "test_hifiasm_flye.bp.hap2.p_ctg.gfa:md5,d41d8cd98f00b204e9800998ecf8427e",
                "test_hifiasm_flye.bp.p_ctg.gfa:md5,d78f7a647429b254d9d46aab4d1306a0",
                "test_hifiasm_flye.bp.p_utg.gfa:md5,e2b6621386edda1636dfb84ddd676ea8",
                "test_hifiasm_flye.bp.r_utg.gfa:md5,e2b6621386edda1636dfb84ddd676ea8",
                "test_hifiasm_flye_assembly_patch.comps.fasta:md5,6cfb8070823979baece63889e324e246",
                "test_hifiasm_flye_assembly_patch.ctg.fasta:md5,6ff15d809eaa0ecf6381400cdd7f0770",
                "test_hifiasm_flye_assembly_patch.patch.err:md5,d41d8cd98f00b204e9800998ecf8427e",
                "test_hifiasm_flye_assembly_patch.patch.fasta:md5,6ff15d809eaa0ecf6381400cdd7f0770",
                "test_hifiasm_flye_assembly_patch.rename.fasta:md5,48208c6df370a225c6f54f378d7a8e39",
                "test_hifiasm_flye.fasta:md5,35d9e542fb372022a36ecf4854467e80",
                "test_hifiasm_flye_hifi.fastplong.json:md5,2671b946d2bf533341b86a9f2424e5c3",
                "test_hifiasm_flye_ont.fastplong.json:md5,924d11a05764994135ff5de294052a02",
                "test_hifiasm_flye_hic.params.json:md5,54b576cb6d4d27656878a7fd3657bde9",
                "test_hifiasm_flye_hic.fasta.gz:md5,35d9e542fb372022a36ecf4854467e80",
                "test_hifiasm_flye_hic.bp.hap1.p_ctg.gfa:md5,c9a084903ea872a7ac28f3bbd5eee8f3",
                "test_hifiasm_flye_hic.bp.hap2.p_ctg.gfa:md5,d41d8cd98f00b204e9800998ecf8427e",
                "test_hifiasm_flye_hic.bp.p_ctg.gfa:md5,d78f7a647429b254d9d46aab4d1306a0",
                "test_hifiasm_flye_hic.bp.p_utg.gfa:md5,e2b6621386edda1636dfb84ddd676ea8",
                "test_hifiasm_flye_hic.bp.r_utg.gfa:md5,e2b6621386edda1636dfb84ddd676ea8",
                "test_hifiasm_flye_hic_assembly_patch.comps.fasta:md5,6cfb8070823979baece63889e324e246",
                "test_hifiasm_flye_hic_assembly_patch.ctg.fasta:md5,6ff15d809eaa0ecf6381400cdd7f0770",
                "test_hifiasm_flye_hic_assembly_patch.patch.err:md5,d41d8cd98f00b204e9800998ecf8427e",
                "test_hifiasm_flye_hic_assembly_patch.patch.fasta:md5,6ff15d809eaa0ecf6381400cdd7f0770",
                "test_hifiasm_flye_hic_assembly_patch.rename.fasta:md5,48208c6df370a225c6f54f378d7a8e39",
                "test_hifiasm_flye_hic.fasta:md5,35d9e542fb372022a36ecf4854467e80",
                "test_hifiasm_flye_hic_hicreads.fastp.json:md5,639daa4b554b8562208d2f7dff3a118f",
                "test_hifiasm_flye_hic_hifi.fastplong.json:md5,1c4764224854af4537899de86c8e2e56",
                "test_hifiasm_flye_hic_ont.fastplong.json:md5,2491f0b8ff11a01409338afc6f7894a9",
                "test_hifiasm_flye_hic_add_rg.bam:md5,a591198040e0627a02c07e0e39a01e83",
                "test_hifiasm_flye_hic_bwamem_index.0123:md5,394c86c094bd009fd307f22f1ac118b0",
                "test_hifiasm_flye_hic_bwamem_index.amb:md5,3aa36835301c229ad78d398a33909ef2",
                "test_hifiasm_flye_hic_bwamem_index.ann:md5,b66d55b573317efa067e73c4d63934cd",
                "test_hifiasm_flye_hic_bwamem_index.bwt.2bit.64:md5,f1dd16d8f1167b75b942ad58e64a6962",
                "test_hifiasm_flye_hic_bwamem_index.pac:md5,e04d7a732218fe98156e72b2ebb3a901",
                "test_hifiasm_flye_hic_bwamem.bam:md5,837f8fbfbaf79b1049093e62a23a02b2",
                "test_hifiasm_flye_hic_hic_dedup.bai:md5,aeda4dd1092e5ae65a44c90faa2a4e86",
                "test_hifiasm_flye_hic_hic_dedup.bam:md5,d93aabe7dbda135b1562eeef7808d347",
                "test_hifiasm_flye_hic_assembly_patch.patch.fasta.gz.fai:md5,06f2947d7897ca8a7c6f30a81bd6bdcc",
                "test_hifiasm_flye_hic_assembly_patch.patch.fasta.gz.gzi:md5,251cd3924556d6f48e9d5127bdd15ee2",
                "test_hifiasm_flye_hic_hic_scaffolds_final.fa.gz:md5,3ac2a0232e899bcb28b72e3c4f1c2d79",
                "test_hifiasm_flye_hic_hic_scaffolds_final.fa:md5,3ac2a0232e899bcb28b72e3c4f1c2d79",
                "test_hifiasm_ul.fasta.gz:md5,77e3d5af48175c784bfd217048fe271b",
                "test_hifiasm_ul.bp.hap1.p_ctg.gfa:md5,46ee70869884ad585165bd48081414e9",
                "test_hifiasm_ul.bp.hap2.p_ctg.gfa:md5,7792865547989d6d284f640425c4e36c",
                "test_hifiasm_ul.bp.p_ctg.gfa:md5,8fe65466d76815ffe1663ff6d8f2e8d1",
                "test_hifiasm_ul.bp.p_utg.gfa:md5,ba2c77ebdb2ad3e6060f5574e890c6eb",
                "test_hifiasm_ul.bp.r_utg.gfa:md5,ba2c77ebdb2ad3e6060f5574e890c6eb",
                "test_hifiasm_ul.fasta:md5,77e3d5af48175c784bfd217048fe271b",
                "test_hifiasm_ul_hifi.fastplong.json:md5,f52a2b6d9aa29fbe5749684ee479de90",
                "test_hifiasm_ul_ont.fastplong.json:md5,86da6d58ac4630bfeae3ee08014ecb0b",
                "versions.yml:md5,c6c0c66defcf12c9bd29c649fbef58af",
                "test_ont_flye.params.json:md5,afa91c041bce5e190f4a699d11b69db6",
                "test_ont_flye_hifi.fastplong.json:md5,9205a4cf65cce249429badc208348349",
                "test_ont_flye_ont.fastplong.json:md5,e418b2481ade21bc45e77d1437bad913",
                "test_ont_hifiasm.fasta.gz:md5,35d9e542fb372022a36ecf4854467e80",
                "test_ont_hifiasm.bp.hap1.p_ctg.gfa:md5,c9a084903ea872a7ac28f3bbd5eee8f3",
                "test_ont_hifiasm.bp.hap2.p_ctg.gfa:md5,d41d8cd98f00b204e9800998ecf8427e",
                "test_ont_hifiasm.bp.p_ctg.gfa:md5,d78f7a647429b254d9d46aab4d1306a0",
                "test_ont_hifiasm.bp.p_utg.gfa:md5,e2b6621386edda1636dfb84ddd676ea8",
                "test_ont_hifiasm.bp.r_utg.gfa:md5,e2b6621386edda1636dfb84ddd676ea8",
                "test_ont_hifiasm.fasta:md5,35d9e542fb372022a36ecf4854467e80",
                "test_ont_hifiasm_hifi.fastplong.json:md5,91878df7edc2b07a885c103f260fc70e",
                "test_ont_hifiasm_ont.fastplong.json:md5,e97714274268b5a30be4d9851f2b61b3",
                "test_ont_hifiasm_ragtag.fasta:md5,51f2975257b49657716d2ca7cc6d5fe2",
                "test_ont_hifiasm_ragtag.stats:md5,466273b499384b2c781c83dc583b8c99",
                "test_ont_hifiasm_hic.fasta.gz:md5,35d9e542fb372022a36ecf4854467e80",
                "test_ont_hifiasm_hic.bp.hap1.p_ctg.gfa:md5,c9a084903ea872a7ac28f3bbd5eee8f3",
                "test_ont_hifiasm_hic.bp.hap2.p_ctg.gfa:md5,d41d8cd98f00b204e9800998ecf8427e",
                "test_ont_hifiasm_hic.bp.p_ctg.gfa:md5,d78f7a647429b254d9d46aab4d1306a0",
                "test_ont_hifiasm_hic.bp.p_utg.gfa:md5,e2b6621386edda1636dfb84ddd676ea8",
                "test_ont_hifiasm_hic.bp.r_utg.gfa:md5,e2b6621386edda1636dfb84ddd676ea8",
                "test_ont_hifiasm_hic.fasta:md5,35d9e542fb372022a36ecf4854467e80",
                "test_ont_hifiasm_hic_hicreads.fastp.json:md5,313dab22b8dbf21f700fefd760b951e4",
                "test_ont_hifiasm_hic_hifi.fastplong.json:md5,bf92ed6f4043fccff201852f069573fd",
                "test_ont_hifiasm_hic_ont.fastplong.json:md5,9fa185b7efe9bd8642c417ae53c45bb0",
                "test_ont_hifiasm_hic_add_rg.bam:md5,ecb142791a20d87b20e4c8138d94a524",
                "test_ont_hifiasm_hic_bwamem_index.0123:md5,394c86c094bd009fd307f22f1ac118b0",
                "test_ont_hifiasm_hic_bwamem_index.amb:md5,3aa36835301c229ad78d398a33909ef2",
                "test_ont_hifiasm_hic_bwamem_index.ann:md5,84bd0bbc5e6ff0aeea74ed7a26f210f1",
                "test_ont_hifiasm_hic_bwamem_index.bwt.2bit.64:md5,f1dd16d8f1167b75b942ad58e64a6962",
                "test_ont_hifiasm_hic_bwamem_index.pac:md5,e04d7a732218fe98156e72b2ebb3a901",
                "test_ont_hifiasm_hic_bwamem.bam:md5,17974deb636209b4c107a34eed65cf36",
                "test_ont_hifiasm_hic_hic_dedup.bai:md5,35ed2a1466f9c7d89037da1f9fe8b81e",
                "test_ont_hifiasm_hic_hic_dedup.bam:md5,9246dec2c1b6d6f4fd37383ddda244cb",
                "test_ont_hifiasm_hic.fasta.gz.fai:md5,3f23b28c147c40cb4f1d6571cf2dc045",
                "test_ont_hifiasm_hic.fasta.gz.gzi:md5,a5721349018bd8e33902a3e18ef9f530",
                "test_ont_hifiasm_hic_hic_scaffolds_final.fa.gz:md5,3ac2a0232e899bcb28b72e3c4f1c2d79",
                "test_ont_hifiasm_hic_hic_scaffolds_final.fa:md5,3ac2a0232e899bcb28b72e3c4f1c2d79"
            ]
        ],
        "timestamp": "2026-07-02T15:41:23.009205129",
        "meta": {
            "nf-test": "0.9.5",
            "nextflow": "25.10.4"
        }
    }
}